sysmem_IMPORTS_start
I_AllocSysMemory
I_FreeSysMemory
I_QueryTotalFreeMemSize
I_QueryMaxFreeMemSize
sysmem_IMPORTS_end

sysclib_IMPORTS_start
I_memcpy
I_strncmp
I_strtol
sysclib_IMPORTS_end

stdio_IMPORTS_start
I_printf
stdio_IMPORTS_end

libsd_IMPORTS_start
I_sceSdInit
I_sceSdSetSwitch
I_sceSdSetCoreAttr
I_sceSdSetParam
I_sceSdGetParam
I_sceSdGetSwitch
I_sceSdSetAddr
I_sceSdSetEffectAttr
I_sceSdCleanEffectWorkArea
I_sceSdSetTransIntrHandler
I_sceSdNote2Pitch
I_sceSdVoiceTrans
libsd_IMPORTS_end

intrman_IMPORTS_start
I_CpuResumeIntr
I_CpuSuspendIntr
intrman_IMPORTS_end

thbase_IMPORTS_start
I_USec2SysClock
I_CreateThread
I_StartThread
I_iWakeupThread
I_SleepThread
I_DeleteThread
I_DelayThread
I_TerminateThread
I_GetThreadId
thbase_IMPORTS_end

thsemap_IMPORTS_start
I_CreateSema
I_PollSema
I_SignalSema
I_WaitSema
I_DeleteSema
I_iSignalSema
thsemap_IMPORTS_end

sifcmd_IMPORTS_start
I_sceSifInitRpc
I_sceSifSetRpcQueue
I_sceSifRegisterRpc
I_sceSifRpcLoop
I_sceSifGetOtherData
sifcmd_IMPORTS_end

sifman_IMPORTS_start
I_sceSifInit
I_sceSifCheckInit
I_sceSifDmaStat
I_sceSifSetDmaIntr
sifman_IMPORTS_end

ioman_IMPORTS_start
I_open
I_read
I_close
I_lseek
ioman_IMPORTS_end

timrman_IMPORTS_start
I_AllocHardTimer
I_FreeHardTimer
I_SetTimerHandler
I_StopHardTimer
I_SetupHardTimer
I_StartHardTimer
timrman_IMPORTS_end

cdvdman_IMPORTS_start
I_sceCdBreak
I_sceCdStatus
cdvdman_IMPORTS_end
